twenty one = 21
fourty two = 42
thirteen = 13
United States
Great Britain
Deutschland
-1
