String array length: 4
First
Second
Third
Fourth
Int array length: 3
1
2
3
Custom array subscript called: 0, 1
