32.00000000
16.00000000
8.00000000
4.00000000
2.00000000
