Export.foo called
Export.bar called
Export.Baz.frob(Bumm) called: 13
