My name is Darth Vader.
I am your father.
My name is Master Yoda.
Do or do not. There is no try.
