Is null
Value is: Hello, world
Value is: Goodbye, world
