foo String called: this is a string
foo int called: 1337
foo float called: 0.2
