1 + 2 * 3 + 4 == 11
-1 * 1 == -1
1 + 1 > 1
1 + 2 == 2 + 1
true || false == false
!true == false
1 + 2 > 1 && 2 + 4 < 10
1 + 2 >= 3
1 + 2 <= 3
