Depth: 0
Depth: 1
Depth: 2
Depth: 3
Depth: 4
Depth: 5
Depth: 6
Depth: 7
Depth: 8
Depth: 9
Depth: 10
Depth 10 reached. Ending recursion.
