0
4
ABC
A
Hello, world!
3
Hello darkness
true
false
true
false
true
false
Quit
X
Y
Z
3
New York
1
1
Go

123456
123.456
Hallo, world
