Union is an int and its value is 1337
Union is a String and its value is Hello
