1234
12.34000
-1234
-12.34000
"A"
null
true
false
{}
[]
[0,1,2,3,4,5]
{"a":1,"b":2}
{"a":[],"b":[0,[],{},null]}
